------------------------------------------------------------
TimeQuest Timing Analyzer Summary
------------------------------------------------------------

Type  : Slow Model Setup 'CLK'
Slack : -2.688
TNS   : -38.968

Type  : Slow Model Setup '74112:inst1|8'
Slack : 0.283
TNS   : 0.000

Type  : Slow Model Hold 'CLK'
Slack : -3.549
TNS   : -7.926

Type  : Slow Model Hold '74112:inst1|8'
Slack : 0.460
TNS   : 0.000

Type  : Slow Model Minimum Pulse Width 'CLK'
Slack : -2.064
TNS   : -122.403

Type  : Slow Model Minimum Pulse Width '74112:inst1|8'
Slack : -0.611
TNS   : -4.888

Type  : Fast Model Setup 'CLK'
Slack : -1.344
TNS   : -17.840

Type  : Fast Model Setup '74112:inst1|8'
Slack : 0.679
TNS   : 0.000

Type  : Fast Model Hold 'CLK'
Slack : -1.594
TNS   : -4.204

Type  : Fast Model Hold '74112:inst1|8'
Slack : 0.203
TNS   : 0.000

Type  : Fast Model Minimum Pulse Width 'CLK'
Slack : -2.000
TNS   : -118.222

Type  : Fast Model Minimum Pulse Width '74112:inst1|8'
Slack : -0.500
TNS   : -4.000

------------------------------------------------------------
